a1k
a2k
a3k
a4k
a4k2
aark
adhpam
adhtc
ah10
ah11
ah9
ahmnar
ahthm
alclk
aldmm
amcsns
amkm
amkmul
amnam
amt
ancsns
anmald
anmam
anmem
anmkem
anmnam
anmslt
anmtm
anptc
anpxaf
ant
anum
anv
any
auc1
audmp
auk
aumk1
aun1
aus
autogn
autok
autosn
auv
aux
barotc
cfc
cnr
cpf
cpr
cv
dhdtr
diuret
dr
dtnar
eark
exc
excml
exe
fis
gflc
gfndmp
gppd
hm6
hm8
hmk
hmtrns
hsl
hsr
htauml
hyl
kid
korgn
kortc
lppr
mdflkm
mdflw2
mdflwx
nid
o2a
o2chmo
o2m
omm
pcr
pm5
por
pxtp
qrf
rabsc
rcdfpc
rek
rfabdm
rfabdp
rfabkm
rnagtc
rnaugn
rtppr
rtpprs
rtsprs
rvsm
sr
sr2
srk
srk2
tenstc
tsslml
tssltc
tvddl
u
urform
vidml
vntstm
vptiss
vv9
aarll
adhinf
adhkll
adhkul
adhpul
adhvll
adhvul
aldinf
aldkns
am1ll
am1ul
amm1lm
amm4
amnall
amnaul
anginf
angkns
anmarl
anmkel
anmll
anmul
anpxul
anull
anuvm
anxm
ar1lm
ar2lm
arf
aul
aulpm
aum1
aum2
aumax
aumin
auslp
ckeex
cmptss
cn2
cn7
cpk
dtnarl
earll
efafr
excxp
excxp2
gcopf
gfnll
i2
i3
i4
i6
i8
i10
i12
i14
i16
i18
i20
lpde
lpk
mdfl1
mdmp
pa4
paex
pce
pghf
pk2
pl2
pldf
po2adv
pok
pom
pom2
pon
poz
pr1ll
qaolm
raprsp
rar
rcdfdp
rkc
rnauad
rvrs
sta
tensgn
timetr
trnsfs
trpl
vid1
vp1
vtsf
x
z
z4
z5
z6
z7
z10
z11
z12
z13
z14
z16
z18
z19
H0
C0
Re
Rg
Rb
Paso
Kf
Pc
Fp
Fs
Rp
Rs
Ip
Cic
Cim
Ps
Vm
K1
alx
alr
Ct
Cs
Ktgf
Ga
Gd
newkidney
glmcubic
moore94amyo
moore94dmyo
