au4
au2
au8
amk
amna
amrbsc
amr
amr1
am1
am
amc
anu
anuvn
anm
mdflw3
angscr
anx
anx1
anpr
anpr1
anc
anpx
anpl
anpr2
anp
anp1
anpc
adhc
adhmk
adhmv
adhna
adhpa
adhpr
adh
adhz
au
au6
auh
aum
aur
ave
pa1
vvr
auo
auc
auc2
aub
a1b
aun
aulp
auttl
dau
au1
rmult1
vrc
hm
hm1
vb
vim
vie
vib
po2am1
hm3
hm4
hm5
hm7
rc1
rc2
rcd
prp
cpp
pc
ppc
vp
vtc
vpd
cppd
dlp
prcd
vtcpl
dpc
dpp
vts
vts2
vts1
dpi
tsp
cpi
dpl
ptcpr
chy
pgh
poshyl
ptc
ptt
pif
pts
pld
vtl
vif
bfm
bfn
myogrs
pa
pamkrn
pla
pra
ppa
pvs
qao
qlo
qro
rpv
rvs
vae
vle
vpe
vre
vve
vbd
vvs
vas
vla
vpa
vra
pam
rad
pamk
pa2
pra1
qrn
pp1
cpa
rpa
pp2
rvm
pla1
qln
pl1
rpt
pgl
qpo
pr1
rvg
qvo
cn3
rv1
pgs
r1
rsn
rsm
fisflo
sysflo
qlo1
hpef
dvs
dpa
das
dla
dra
cna
cke
vec
vtw
ned
amk1
ktotd
ktot
vic
cki
nae
ccd
vid
hmd
dhm
hpl
hpr
nod
kod
vud
rbf
mdflw
par
aumk
anmer
anmar
rnaug1
rnaug2
rnaug3
aar
ear
rr
rfn
efafpr
glpc
apd
glp
pfl
rcprs
rtsppc
rabspr
rfab1
rfab
rfabk
dtnai
dtnara
dtki
anmke
mdflk
dtksc
dtnang
nodn
dtka
kodn
osmopn
vudn
plur
plurc
dturi
urod
amm
pdo
poe
amm1
amm2
aom
pmo
rmo
mmo
ovs
pvo
do2m
qom
p2o
arm
pod
pob
ar1
poa
ar2
poc
ar3
dob
pot
osv
pov
mo2
do2n
qo2
p1o
dfp
ppd
vpf
pcp
ppi
cpn
pos
plf
ppo
ppn
ppz
pfi
dfz
ppr
o2util
alvent
po2alv
rspdfc
o2dfs
dova
o2vtst
o2vts2
do2vad
o2vad1
o2vad2
osa
ova
po2art
pmc
pms
pmp
hr
rtp
svo
vv6
vv7
tvd
sth
ke
ki
atrrfb
atrvfb
ahz
ahy
ah7
gfr
t
i
agk
ahk
ahth
amm3
anmsml
anmth
anpinf
anpkns
ar4
ar5
atrfbm
atrvm
au6a
au6b
au6c
aurg
autoC
auy
crrflx
gbl
gfn
glpca
hkm
i1
i5
i9
i11
i13
i15
i17
i19
i21
korner
korren
lvm
mdflw1
osmop1
pa3
pcd
pgp
pgv
po2amb
po2ar1
ptfl
ram
rfabd
rfabx
rfcdft
rmult
rnaull
rnauul
rps
tens
tens1
tens2
trnstm
trrbc
tvz
vg
vud1
vud2
